../Core/Source/mlx90640/MLX90640_API.c:81:6:MLX90640_Init	1688	static
../Core/Source/mlx90640/MLX90640_API.c:96:5:MLX90640_DumpEE	16	static
../Core/Source/mlx90640/MLX90640_API.c:104:5:MLX90640_GetFrameData	56	static
../Core/Source/mlx90640/MLX90640_API.c:224:5:MLX90640_ExtractParameters	24	static
../Core/Source/mlx90640/MLX90640_API.c:249:6:MLX90640_BadPixelsCorrection	56	static
../Core/Source/mlx90640/MLX90640_API.c:352:14:GetMedian	32	static
../Core/Source/mlx90640/MLX90640_API.c:383:12:IsPixelBad	24	static
../Core/Source/mlx90640/MLX90640_API.c:398:5:MLX90640_SetResolution	32	static
../Core/Source/mlx90640/MLX90640_API.c:418:5:MLX90640_GetCurResolution	32	static
../Core/Source/mlx90640/MLX90640_API.c:436:5:MLX90640_SetRefreshRate	32	static
../Core/Source/mlx90640/MLX90640_API.c:456:5:MLX90640_GetRefreshRate	32	static
../Core/Source/mlx90640/MLX90640_API.c:474:5:MLX90640_SetInterleavedMode	32	static
../Core/Source/mlx90640/MLX90640_API.c:493:5:MLX90640_SetChessMode	32	static
../Core/Source/mlx90640/MLX90640_API.c:512:5:MLX90640_GetCurMode	32	static
../Core/Source/mlx90640/MLX90640_API.c:530:6:MLX90640_CalculateTo	144	static
../Core/Source/mlx90640/MLX90640_API.c:668:7:f	32	static
../Core/Source/mlx90640/MLX90640_API.c:684:6:MLX90640_GetImage	104	static
../Core/Source/mlx90640/MLX90640_API.c:780:7:MLX90640_GetVdd	40	static
../Core/Source/mlx90640/MLX90640_API.c:801:7:MLX90640_GetTa	48	static
../Core/Source/mlx90640/MLX90640_API.c:831:5:MLX90640_GetSubPageNumber	16	static
../Core/Source/mlx90640/MLX90640_API.c:839:6:ExtractVDDParameters	24	static
../Core/Source/mlx90640/MLX90640_API.c:861:6:ExtractPTATParameters	32	static
../Core/Source/mlx90640/MLX90640_API.c:894:6:ExtractGainParameters	24	static
../Core/Source/mlx90640/MLX90640_API.c:909:6:ExtractTgcParameters	24	static
../Core/Source/mlx90640/MLX90640_API.c:924:6:ExtractResolutionParameters	24	static
../Core/Source/mlx90640/MLX90640_API.c:934:6:ExtractKsTaParameters	24	static
../Core/Source/mlx90640/MLX90640_API.c:949:6:ExtractKsToParameters	32	static
../Core/Source/mlx90640/MLX90640_API.c:985:6:ExtractAlphaParameters	288	static
../Core/Source/mlx90640/MLX90640_API.c:1056:6:ExtractOffsetParameters	280	static
../Core/Source/mlx90640/MLX90640_API.c:1128:6:ExtractKtaPixelParameters	48	static
../Core/Source/mlx90640/MLX90640_API.c:1191:6:ExtractKvPixelParameters	48	static
../Core/Source/mlx90640/MLX90640_API.c:1247:6:ExtractCPParameters	48	static
../Core/Source/mlx90640/MLX90640_API.c:1310:6:ExtractCILCParameters	32	static
../Core/Source/mlx90640/MLX90640_API.c:1347:5:ExtractDeviatingPixels	32	static
../Core/Source/mlx90640/MLX90640_API.c:1438:6:CheckAdjacentPixels	24	static
../Core/Source/mlx90640/MLX90640_API.c:1460:6:CheckEEPROMValid	24	static
../Core/Source/mlx90640/MLX90640_API.c:1473:7:HAL_I2C_MemRxCpltCallback	24	static
